Archive member included to satisfy reference by file (symbol)

/opt/riscv32i/lib/gcc/riscv32-unknown-elf/8.2.0/libgcc.a(div.o)
                              firmware/print.o (__udivsi3)

Discarded input sections

 .debug_line    0x0000000000000000      0x169 /opt/riscv32i/lib/gcc/riscv32-unknown-elf/8.2.0/libgcc.a(div.o)
 .debug_info    0x0000000000000000       0x26 /opt/riscv32i/lib/gcc/riscv32-unknown-elf/8.2.0/libgcc.a(div.o)
 .debug_abbrev  0x0000000000000000       0x14 /opt/riscv32i/lib/gcc/riscv32-unknown-elf/8.2.0/libgcc.a(div.o)
 .debug_aranges
                0x0000000000000000       0x20 /opt/riscv32i/lib/gcc/riscv32-unknown-elf/8.2.0/libgcc.a(div.o)
 .debug_str     0x0000000000000000       0x9c /opt/riscv32i/lib/gcc/riscv32-unknown-elf/8.2.0/libgcc.a(div.o)

Memory Configuration

Name             Origin             Length             Attributes
mem              0x0000000000000000 0x0000000000018000
*default*        0x0000000000000000 0xffffffffffffffff

Linker script and memory map


.memory         0x0000000000000000      0xaac
                0x0000000000000000                . = 0x0
 start*(.text)
 *(.text)
 .text          0x0000000000000000      0x4a8 firmware/start.o
 .text          0x00000000000004a8      0x2b8 firmware/irq.o
                0x00000000000004a8                irq
 .text          0x0000000000000760       0x8e firmware/print.o
                0x0000000000000760                print_chr
                0x0000000000000768                print_str
                0x000000000000077a                print_dec
                0x00000000000007c6                print_hex
 .text          0x00000000000007ee       0x50 firmware/hello.o
                0x00000000000007ee                hello
 *fill*         0x000000000000083e        0x2 
 .text          0x0000000000000840       0xb4 /opt/riscv32i/lib/gcc/riscv32-unknown-elf/8.2.0/libgcc.a(div.o)
                0x0000000000000840                __divsi3
                0x0000000000000848                __udivsi3
                0x0000000000000890                __umodsi3
                0x00000000000008c4                __modsi3
 *(*)
 .data          0x00000000000008f4        0x0 firmware/start.o
 .bss           0x00000000000008f4        0x0 firmware/start.o
 .data          0x00000000000008f4        0x0 firmware/irq.o
 .bss           0x00000000000008f4        0x0 firmware/irq.o
 .rodata.str1.4
                0x00000000000008f4      0x167 firmware/irq.o
                                        0x16b (size before relaxing)
 *fill*         0x0000000000000a5b        0x1 
 .sbss          0x0000000000000a5c        0xc firmware/irq.o
 .comment       0x0000000000000a68       0x11 firmware/irq.o
                                         0x12 (size before relaxing)
 .data          0x0000000000000a79        0x0 firmware/print.o
 .bss           0x0000000000000a79        0x0 firmware/print.o
 *fill*         0x0000000000000a79        0x3 
 .rodata.str1.4
                0x0000000000000a7c       0x11 firmware/print.o
 .comment       0x0000000000000a8d       0x12 firmware/print.o
 .data          0x0000000000000a8d        0x0 firmware/hello.o
 .bss           0x0000000000000a8d        0x0 firmware/hello.o
 *fill*         0x0000000000000a8d        0x3 
 .rodata.str1.4
                0x0000000000000a90       0x1c firmware/hello.o
                                         0x1a (size before relaxing)
 .comment       0x0000000000000aac       0x12 firmware/hello.o
 .data          0x0000000000000aac        0x0 /opt/riscv32i/lib/gcc/riscv32-unknown-elf/8.2.0/libgcc.a(div.o)
 .bss           0x0000000000000aac        0x0 /opt/riscv32i/lib/gcc/riscv32-unknown-elf/8.2.0/libgcc.a(div.o)
                0x0000000000000abe                end = .
                0x0000000000000ac0                . = ALIGN (0x4)
LOAD firmware/start.o
LOAD firmware/irq.o
LOAD firmware/print.o
LOAD firmware/hello.o
LOAD /opt/riscv32i/lib/gcc/riscv32-unknown-elf/8.2.0/libgcc.a
OUTPUT(firmware/firmware.elf elf32-littleriscv)
